Archive member included to satisfy reference by file (symbol)

c:/program files/microchip/xc8/v2.36/avr/bin/../lib/gcc/avr/5.4.0/avr5/memx-const\libgcc.a(_copy_data.o)
                              APP/APP.o (__do_copy_data)
c:/program files/microchip/xc8/v2.36/avr/bin/../lib/gcc/avr/5.4.0/avr5/memx-const\libgcc.a(_xload_2.o)
                              MCAL/TIMER/Timer0.o (__xload_2)
c:/program files/microchip/xc8/v2.36/avr/bin/../lib/gcc/avr/5.4.0/../../../../avr/lib/avr5/memx-const\libc.a(exit.o)
                              C:/Program Files (x86)/Atmel/Studio/7.0/Packs/atmel/ATmega_DFP/1.7.374/xc8/avr/lib/avr5/memx-const/crtatmega32.o (exit)
c:/program files/microchip/xc8/v2.36/avr/bin/../lib/gcc/avr/5.4.0/../../../../avr/lib/avr5/memx-const\libc.a(_Exit.o)
                              c:/program files/microchip/xc8/v2.36/avr/bin/../lib/gcc/avr/5.4.0/../../../../avr/lib/avr5/memx-const\libc.a(exit.o) (_Exit)
c:/program files/microchip/xc8/v2.36/avr/bin/../lib/gcc/avr/5.4.0/avr5/memx-const\libgcc.a(_exit.o)
                              c:/program files/microchip/xc8/v2.36/avr/bin/../lib/gcc/avr/5.4.0/../../../../avr/lib/avr5/memx-const\libc.a(_Exit.o) (_exit)

Discarded input sections

 .data          0x0000000000000000        0x0 C:/Program Files (x86)/Atmel/Studio/7.0/Packs/atmel/ATmega_DFP/1.7.374/xc8/avr/lib/avr5/memx-const/crtatmega32.o
 .bss           0x0000000000000000        0x0 C:/Program Files (x86)/Atmel/Studio/7.0/Packs/atmel/ATmega_DFP/1.7.374/xc8/avr/lib/avr5/memx-const/crtatmega32.o
 .text          0x0000000000000000        0x0 APP/APP.o
 .data          0x0000000000000000        0x0 APP/APP.o
 .bss           0x0000000000000000        0x0 APP/APP.o
 .text          0x0000000000000000        0x0 APP/main.o
 .data          0x0000000000000000        0x0 APP/main.o
 .bss           0x0000000000000000        0x0 APP/main.o
 .text          0x0000000000000000        0x0 MCAL/MCAL_GPIO/MCAL_GPIO.o
 .data          0x0000000000000000        0x0 MCAL/MCAL_GPIO/MCAL_GPIO.o
 .bss           0x0000000000000000        0x0 MCAL/MCAL_GPIO/MCAL_GPIO.o
 .text.gpio_pin_direction_status
                0x0000000000000000       0xc6 MCAL/MCAL_GPIO/MCAL_GPIO.o
 .text.gpio_pin_read_logic
                0x0000000000000000       0xb6 MCAL/MCAL_GPIO/MCAL_GPIO.o
 .text.gpio_pin_toggle
                0x0000000000000000       0xbe MCAL/MCAL_GPIO/MCAL_GPIO.o
 .text.gpio_PORT_direction_intialization
                0x0000000000000000       0x20 MCAL/MCAL_GPIO/MCAL_GPIO.o
 .text.gpio_PORT_read_value
                0x0000000000000000       0x30 MCAL/MCAL_GPIO/MCAL_GPIO.o
 .text.gpio_PORT_toggle
                0x0000000000000000       0x30 MCAL/MCAL_GPIO/MCAL_GPIO.o
 .text          0x0000000000000000        0x0 MCAL/TIMER/Timer0.o
 .data          0x0000000000000000        0x0 MCAL/TIMER/Timer0.o
 .bss           0x0000000000000000        0x0 MCAL/TIMER/Timer0.o
 .text.Timer0_DeInit
                0x0000000000000000       0x14 MCAL/TIMER/Timer0.o
 .text.delay_us
                0x0000000000000000       0x1c MCAL/TIMER/Timer0.o
 .text          0x0000000000000000        0x0 MCAL/TIMER/Timer0_Intialize.o
 .data          0x0000000000000000        0x0 MCAL/TIMER/Timer0_Intialize.o
 .bss           0x0000000000000000        0x0 MCAL/TIMER/Timer0_Intialize.o
 .text          0x0000000000000000        0x0 c:/program files/microchip/xc8/v2.36/avr/bin/../lib/gcc/avr/5.4.0/avr5/memx-const\libgcc.a(_copy_data.o)
 .data          0x0000000000000000        0x0 c:/program files/microchip/xc8/v2.36/avr/bin/../lib/gcc/avr/5.4.0/avr5/memx-const\libgcc.a(_copy_data.o)
 .bss           0x0000000000000000        0x0 c:/program files/microchip/xc8/v2.36/avr/bin/../lib/gcc/avr/5.4.0/avr5/memx-const\libgcc.a(_copy_data.o)
 .text.libgcc.mul
                0x0000000000000000        0x0 c:/program files/microchip/xc8/v2.36/avr/bin/../lib/gcc/avr/5.4.0/avr5/memx-const\libgcc.a(_copy_data.o)
 .text.libgcc.div
                0x0000000000000000        0x0 c:/program files/microchip/xc8/v2.36/avr/bin/../lib/gcc/avr/5.4.0/avr5/memx-const\libgcc.a(_copy_data.o)
 .text.libgcc   0x0000000000000000        0x0 c:/program files/microchip/xc8/v2.36/avr/bin/../lib/gcc/avr/5.4.0/avr5/memx-const\libgcc.a(_copy_data.o)
 .text.libgcc.prologue
                0x0000000000000000        0x0 c:/program files/microchip/xc8/v2.36/avr/bin/../lib/gcc/avr/5.4.0/avr5/memx-const\libgcc.a(_copy_data.o)
 .text.libgcc.builtins
                0x0000000000000000        0x0 c:/program files/microchip/xc8/v2.36/avr/bin/../lib/gcc/avr/5.4.0/avr5/memx-const\libgcc.a(_copy_data.o)
 .text.libgcc.fmul
                0x0000000000000000        0x0 c:/program files/microchip/xc8/v2.36/avr/bin/../lib/gcc/avr/5.4.0/avr5/memx-const\libgcc.a(_copy_data.o)
 .text.libgcc.fixed
                0x0000000000000000        0x0 c:/program files/microchip/xc8/v2.36/avr/bin/../lib/gcc/avr/5.4.0/avr5/memx-const\libgcc.a(_copy_data.o)
 .text          0x0000000000000000        0x0 c:/program files/microchip/xc8/v2.36/avr/bin/../lib/gcc/avr/5.4.0/avr5/memx-const\libgcc.a(_xload_2.o)
 .data          0x0000000000000000        0x0 c:/program files/microchip/xc8/v2.36/avr/bin/../lib/gcc/avr/5.4.0/avr5/memx-const\libgcc.a(_xload_2.o)
 .bss           0x0000000000000000        0x0 c:/program files/microchip/xc8/v2.36/avr/bin/../lib/gcc/avr/5.4.0/avr5/memx-const\libgcc.a(_xload_2.o)
 .text.libgcc.mul
                0x0000000000000000        0x0 c:/program files/microchip/xc8/v2.36/avr/bin/../lib/gcc/avr/5.4.0/avr5/memx-const\libgcc.a(_xload_2.o)
 .text.libgcc.div
                0x0000000000000000        0x0 c:/program files/microchip/xc8/v2.36/avr/bin/../lib/gcc/avr/5.4.0/avr5/memx-const\libgcc.a(_xload_2.o)
 .text.libgcc.prologue
                0x0000000000000000        0x0 c:/program files/microchip/xc8/v2.36/avr/bin/../lib/gcc/avr/5.4.0/avr5/memx-const\libgcc.a(_xload_2.o)
 .stack.descriptors
                0x0000000000000000       0x17 c:/program files/microchip/xc8/v2.36/avr/bin/../lib/gcc/avr/5.4.0/avr5/memx-const\libgcc.a(_xload_2.o)
 .text.libgcc.builtins
                0x0000000000000000        0x0 c:/program files/microchip/xc8/v2.36/avr/bin/../lib/gcc/avr/5.4.0/avr5/memx-const\libgcc.a(_xload_2.o)
 .text.libgcc.fmul
                0x0000000000000000        0x0 c:/program files/microchip/xc8/v2.36/avr/bin/../lib/gcc/avr/5.4.0/avr5/memx-const\libgcc.a(_xload_2.o)
 .text.libgcc.fixed
                0x0000000000000000        0x0 c:/program files/microchip/xc8/v2.36/avr/bin/../lib/gcc/avr/5.4.0/avr5/memx-const\libgcc.a(_xload_2.o)
 .text          0x0000000000000000        0x0 c:/program files/microchip/xc8/v2.36/avr/bin/../lib/gcc/avr/5.4.0/../../../../avr/lib/avr5/memx-const\libc.a(exit.o)
 .data          0x0000000000000000        0x0 c:/program files/microchip/xc8/v2.36/avr/bin/../lib/gcc/avr/5.4.0/../../../../avr/lib/avr5/memx-const\libc.a(exit.o)
 .bss           0x0000000000000000        0x0 c:/program files/microchip/xc8/v2.36/avr/bin/../lib/gcc/avr/5.4.0/../../../../avr/lib/avr5/memx-const\libc.a(exit.o)
 .text          0x0000000000000000        0x0 c:/program files/microchip/xc8/v2.36/avr/bin/../lib/gcc/avr/5.4.0/../../../../avr/lib/avr5/memx-const\libc.a(_Exit.o)
 .data          0x0000000000000000        0x0 c:/program files/microchip/xc8/v2.36/avr/bin/../lib/gcc/avr/5.4.0/../../../../avr/lib/avr5/memx-const\libc.a(_Exit.o)
 .bss           0x0000000000000000        0x0 c:/program files/microchip/xc8/v2.36/avr/bin/../lib/gcc/avr/5.4.0/../../../../avr/lib/avr5/memx-const\libc.a(_Exit.o)
 .text          0x0000000000000000        0x0 c:/program files/microchip/xc8/v2.36/avr/bin/../lib/gcc/avr/5.4.0/avr5/memx-const\libgcc.a(_exit.o)
 .data          0x0000000000000000        0x0 c:/program files/microchip/xc8/v2.36/avr/bin/../lib/gcc/avr/5.4.0/avr5/memx-const\libgcc.a(_exit.o)
 .bss           0x0000000000000000        0x0 c:/program files/microchip/xc8/v2.36/avr/bin/../lib/gcc/avr/5.4.0/avr5/memx-const\libgcc.a(_exit.o)
 .text.libgcc.mul
                0x0000000000000000        0x0 c:/program files/microchip/xc8/v2.36/avr/bin/../lib/gcc/avr/5.4.0/avr5/memx-const\libgcc.a(_exit.o)
 .text.libgcc.div
                0x0000000000000000        0x0 c:/program files/microchip/xc8/v2.36/avr/bin/../lib/gcc/avr/5.4.0/avr5/memx-const\libgcc.a(_exit.o)
 .text.libgcc   0x0000000000000000        0x0 c:/program files/microchip/xc8/v2.36/avr/bin/../lib/gcc/avr/5.4.0/avr5/memx-const\libgcc.a(_exit.o)
 .text.libgcc.prologue
                0x0000000000000000        0x0 c:/program files/microchip/xc8/v2.36/avr/bin/../lib/gcc/avr/5.4.0/avr5/memx-const\libgcc.a(_exit.o)
 .stack.descriptors
                0x0000000000000000       0x13 c:/program files/microchip/xc8/v2.36/avr/bin/../lib/gcc/avr/5.4.0/avr5/memx-const\libgcc.a(_exit.o)
 .text.libgcc.builtins
                0x0000000000000000        0x0 c:/program files/microchip/xc8/v2.36/avr/bin/../lib/gcc/avr/5.4.0/avr5/memx-const\libgcc.a(_exit.o)
 .text.libgcc.fmul
                0x0000000000000000        0x0 c:/program files/microchip/xc8/v2.36/avr/bin/../lib/gcc/avr/5.4.0/avr5/memx-const\libgcc.a(_exit.o)
 .text.libgcc.fixed
                0x0000000000000000        0x0 c:/program files/microchip/xc8/v2.36/avr/bin/../lib/gcc/avr/5.4.0/avr5/memx-const\libgcc.a(_exit.o)

Memory Configuration

Name             Origin             Length             Attributes
text             0x0000000000000000 0x0000000000008000 xr
data             0x0000000000800060 0x0000000000000800 rw !x
eeprom           0x0000000000810000 0x0000000000000400 rw !x
fuse             0x0000000000820000 0x0000000000000002 rw !x
lock             0x0000000000830000 0x0000000000000400 rw !x
signature        0x0000000000840000 0x0000000000000400 rw !x
user_signatures  0x0000000000850000 0x0000000000000400 rw !x
*default*        0x0000000000000000 0xffffffffffffffff

Linker script and memory map

LOAD C:/Program Files (x86)/Atmel/Studio/7.0/Packs/atmel/ATmega_DFP/1.7.374/xc8/avr/lib/avr5/memx-const/crtatmega32.o
LOAD APP/APP.o
LOAD APP/main.o
LOAD MCAL/MCAL_GPIO/MCAL_GPIO.o
LOAD MCAL/TIMER/Timer0.o
LOAD MCAL/TIMER/Timer0_Intialize.o
START GROUP
LOAD c:/program files/microchip/xc8/v2.36/avr/bin/../lib/gcc/avr/5.4.0/../../../../avr/lib/avr5/memx-const\libm.a
END GROUP
START GROUP
LOAD c:/program files/microchip/xc8/v2.36/avr/bin/../lib/gcc/avr/5.4.0/avr5/memx-const\libgcc.a
LOAD c:/program files/microchip/xc8/v2.36/avr/bin/../lib/gcc/avr/5.4.0/../../../../avr/lib/avr5/memx-const\libm.a
LOAD c:/program files/microchip/xc8/v2.36/avr/bin/../lib/gcc/avr/5.4.0/../../../../avr/lib/avr5/memx-const\libc.a
LOAD C:/Program Files (x86)/Atmel/Studio/7.0/Packs/atmel/ATmega_DFP/1.7.374/xc8/avr/lib/avr5/memx-const\libatmega32.a
END GROUP
                0x0000000000000000                __TEXT_REGION_ORIGIN__ = DEFINED (__TEXT_REGION_ORIGIN__)?__TEXT_REGION_ORIGIN__:0x0
                [0x0000000000800060]                __DATA_REGION_ORIGIN__ = DEFINED (__DATA_REGION_ORIGIN__)?__DATA_REGION_ORIGIN__:0x800060
                [0x0000000000008000]                __TEXT_REGION_LENGTH__ = DEFINED (__TEXT_REGION_LENGTH__)?__TEXT_REGION_LENGTH__:0x20000
                [0x0000000000000800]                __DATA_REGION_LENGTH__ = DEFINED (__DATA_REGION_LENGTH__)?__DATA_REGION_LENGTH__:0xffa0
                [0x0000000000000400]                __EEPROM_REGION_LENGTH__ = DEFINED (__EEPROM_REGION_LENGTH__)?__EEPROM_REGION_LENGTH__:0x10000
                [0x0000000000000002]                __FUSE_REGION_LENGTH__ = DEFINED (__FUSE_REGION_LENGTH__)?__FUSE_REGION_LENGTH__:0x400
                0x0000000000000400                __LOCK_REGION_LENGTH__ = DEFINED (__LOCK_REGION_LENGTH__)?__LOCK_REGION_LENGTH__:0x400
                0x0000000000000400                __SIGNATURE_REGION_LENGTH__ = DEFINED (__SIGNATURE_REGION_LENGTH__)?__SIGNATURE_REGION_LENGTH__:0x400
                0x0000000000000400                __USER_SIGNATURE_REGION_LENGTH__ = DEFINED (__USER_SIGNATURE_REGION_LENGTH__)?__USER_SIGNATURE_REGION_LENGTH__:0x400

.hash
 *(.hash)

.dynsym
 *(.dynsym)

.dynstr
 *(.dynstr)

.gnu.version
 *(.gnu.version)

.gnu.version_d
 *(.gnu.version_d)

.gnu.version_r
 *(.gnu.version_r)

.rel.init
 *(.rel.init)

.rela.init
 *(.rela.init)

.rel.text
 *(.rel.text)
 *(.rel.text.*)
 *(.rel.gnu.linkonce.t*)

.rela.text
 *(.rela.text)
 *(.rela.text.*)
 *(.rela.gnu.linkonce.t*)

.rel.fini
 *(.rel.fini)

.rela.fini
 *(.rela.fini)

.rel.rodata
 *(.rel.rodata)
 *(.rel.rodata.*)
 *(.rel.gnu.linkonce.r*)

.rela.rodata
 *(.rela.rodata)
 *(.rela.rodata.*)
 *(.rela.gnu.linkonce.r*)

.rel.data
 *(.rel.data)
 *(.rel.data.*)
 *(.rel.gnu.linkonce.d*)

.rela.data
 *(.rela.data)
 *(.rela.data.*)
 *(.rela.gnu.linkonce.d*)

.rel.ctors
 *(.rel.ctors)

.rela.ctors
 *(.rela.ctors)

.rel.dtors
 *(.rel.dtors)

.rela.dtors
 *(.rela.dtors)

.rel.got
 *(.rel.got)

.rela.got
 *(.rela.got)

.rel.bss
 *(.rel.bss)

.rela.bss
 *(.rela.bss)

.rel.plt
 *(.rel.plt)

.rela.plt
 *(.rela.plt)

.text           0x0000000000000000       0xc0
 *(.vectors)
 .vectors       0x0000000000000000       0x54 C:/Program Files (x86)/Atmel/Studio/7.0/Packs/atmel/ATmega_DFP/1.7.374/xc8/avr/lib/avr5/memx-const/crtatmega32.o
                0x0000000000000000                __vector_default
                0x0000000000000000                __vectors
 *(.vectors)
 *(.progmem.gcc*)
 *(.dinit)
 .dinit         0x0000000000000054       0x18 data_init
                0x000000000000006c                . = ALIGN (0x2)
                0x000000000000006c                __trampolines_start = .
 *(.trampolines)
 .trampolines   0x000000000000006c        0x0 linker stubs
 *(.trampolines*)
                0x000000000000006c                __trampolines_end = .
 *libprintf_flt.a:*(.progmem.data)
 *libc.a:*(.progmem.data)
                0x000000000000006c                . = ALIGN (0x2)
 *(.jumptables)
 *(.jumptables*)
 *(.lowtext)
 *(.lowtext*)
                0x000000000000006c                __ctors_start = .
 *(.ctors)
                0x000000000000006c                __ctors_end = .
                0x000000000000006c                __dtors_start = .
 *(.dtors)
                0x000000000000006c                __dtors_end = .
 SORT(*)(.ctors)
 SORT(*)(.dtors)
 *(.init0)
 .init0         0x000000000000006c        0x0 C:/Program Files (x86)/Atmel/Studio/7.0/Packs/atmel/ATmega_DFP/1.7.374/xc8/avr/lib/avr5/memx-const/crtatmega32.o
                0x000000000000006c                __init
 *(.init0)
 *(.init1)
 *(.init1)
 *(.init2)
 .init2         0x000000000000006c        0xc C:/Program Files (x86)/Atmel/Studio/7.0/Packs/atmel/ATmega_DFP/1.7.374/xc8/avr/lib/avr5/memx-const/crtatmega32.o
 *(.init2)
 *(.init3)
 *(.init3)
 *(.init4)
 .init4         0x0000000000000078       0x3c c:/program files/microchip/xc8/v2.36/avr/bin/../lib/gcc/avr/5.4.0/avr5/memx-const\libgcc.a(_copy_data.o)
                0x0000000000000078                __do_copy_data
                0x00000000000000a6                __do_clear_bss
 *(.init4)
 *(.init5)
 *(.init5)
 *(.init6)
 *(.init6)
 *(.init7)
 *(.init7)
 *(.init8)
 *(.init8)
 *(.init9)
 .init9         0x00000000000000b4        0x8 C:/Program Files (x86)/Atmel/Studio/7.0/Packs/atmel/ATmega_DFP/1.7.374/xc8/avr/lib/avr5/memx-const/crtatmega32.o
 *(.init9)
                0x00000000000000bc                . = ALIGN (0x2)
 *(.fini9)
 .fini9         0x00000000000000bc        0x0 c:/program files/microchip/xc8/v2.36/avr/bin/../lib/gcc/avr/5.4.0/avr5/memx-const\libgcc.a(_exit.o)
                0x00000000000000bc                _exit
 *(.fini9)
 *(.fini8)
 *(.fini8)
 *(.fini7)
 *(.fini7)
 *(.fini6)
 *(.fini6)
 *(.fini5)
 *(.fini5)
 *(.fini4)
 *(.fini4)
 *(.fini3)
 *(.fini3)
 *(.fini2)
 *(.fini2)
 *(.fini1)
 *(.fini1)
 *(.fini0)
 .fini0         0x00000000000000bc        0x4 c:/program files/microchip/xc8/v2.36/avr/bin/../lib/gcc/avr/5.4.0/avr5/memx-const\libgcc.a(_exit.o)
 *(.fini0)
                0x00000000000000c0                _etext = .

.data           0x0000000000800060        0x0 load address 0x00000000000000c0
                [!provide]                        PROVIDE (__data_start, .)
 *(.gnu.linkonce.d*)
 *(.gnu.linkonce.r*)
                0x0000000000800060                . = ALIGN (0x2)
 *fill*         0x0000000000800060        0x0 
                0x0000000000800060                _edata = .
                [!provide]                        PROVIDE (__data_end, .)

.bss            0x0000000000800060        0x0
                [!provide]                        PROVIDE (__bss_start, .)
 *(COMMON)
                [!provide]                        PROVIDE (__bss_end, .)
                0x00000000000000c0                __data_load_start = LOADADDR (.data)
                0x00000000000000c0                __data_load_end = (__data_load_start + SIZEOF (.data))

.noinit         0x0000000000800060        0x0
                [!provide]                        PROVIDE (__noinit_start, .)
 *(.noinit*)
                [!provide]                        PROVIDE (__noinit_end, .)
                0x0000000000800060                _end = .

.eeprom         0x0000000000810000        0x0
 *(.eeprom*)
                0x0000000000810000                __eeprom_end = .

.fuse
 *(.fuse)
 *(.lfuse)
 *(.hfuse)
 *(.efuse)

.lock
 *(.lock*)

.signature
 *(.signature*)

.user_signatures
 *(.user_signatures*)

.stab
 *(.stab)

.stabstr
 *(.stabstr)

.stab.excl
 *(.stab.excl)

.stab.exclstr
 *(.stab.exclstr)

.stab.index
 *(.stab.index)

.stab.indexstr
 *(.stab.indexstr)

.comment        0x0000000000000000       0x2f
 *(.comment)
 .comment       0x0000000000000000       0x2f APP/APP.o
                                         0x30 (size before relaxing)
 .comment       0x000000000000002f       0x30 APP/main.o
 .comment       0x000000000000002f       0x30 MCAL/MCAL_GPIO/MCAL_GPIO.o
 .comment       0x000000000000002f       0x30 MCAL/TIMER/Timer0.o
 .comment       0x000000000000002f       0x30 MCAL/TIMER/Timer0_Intialize.o
 .comment       0x000000000000002f       0x30 c:/program files/microchip/xc8/v2.36/avr/bin/../lib/gcc/avr/5.4.0/../../../../avr/lib/avr5/memx-const\libc.a(exit.o)
 .comment       0x000000000000002f       0x30 c:/program files/microchip/xc8/v2.36/avr/bin/../lib/gcc/avr/5.4.0/../../../../avr/lib/avr5/memx-const\libc.a(_Exit.o)

.stack.descriptors.hdr
                0x0000000000000000       0x1c
 .stack.descriptors.hdr
                0x0000000000000000        0xe c:/program files/microchip/xc8/v2.36/avr/bin/../lib/gcc/avr/5.4.0/avr5/memx-const\libgcc.a(_xload_2.o)
 .stack.descriptors.hdr
                0x000000000000000e        0xe c:/program files/microchip/xc8/v2.36/avr/bin/../lib/gcc/avr/5.4.0/avr5/memx-const\libgcc.a(_exit.o)

.note.GNU-stack
                0x0000000000000000        0x0
 .note.GNU-stack
                0x0000000000000000        0x0 c:/program files/microchip/xc8/v2.36/avr/bin/../lib/gcc/avr/5.4.0/../../../../avr/lib/avr5/memx-const\libc.a(exit.o)
 .note.GNU-stack
                0x0000000000000000        0x0 c:/program files/microchip/xc8/v2.36/avr/bin/../lib/gcc/avr/5.4.0/../../../../avr/lib/avr5/memx-const\libc.a(_Exit.o)

.note.gnu.build-id
 *(.note.gnu.build-id)

.debug
 *(.debug)

.line
 *(.line)

.debug_srcinfo
 *(.debug_srcinfo)

.debug_sfnames
 *(.debug_sfnames)

.debug_aranges  0x0000000000000000      0x130
 *(.debug_aranges)
 .debug_aranges
                0x0000000000000000       0x38 APP/APP.o
 .debug_aranges
                0x0000000000000038       0x20 APP/main.o
 .debug_aranges
                0x0000000000000058       0x68 MCAL/MCAL_GPIO/MCAL_GPIO.o
 .debug_aranges
                0x00000000000000c0       0x50 MCAL/TIMER/Timer0.o
 .debug_aranges
                0x0000000000000110       0x20 MCAL/TIMER/Timer0_Intialize.o

.debug_pubnames
 *(.debug_pubnames)

.debug_info     0x0000000000000000     0x204e
 *(.debug_info .gnu.linkonce.wi.*)
 .debug_info    0x0000000000000000      0x4e6 C:/Program Files (x86)/Atmel/Studio/7.0/Packs/atmel/ATmega_DFP/1.7.374/xc8/avr/lib/avr5/memx-const/crtatmega32.o
 .debug_info    0x00000000000004e6      0x856 APP/APP.o
 .debug_info    0x0000000000000d3c      0x2cb APP/main.o
 .debug_info    0x0000000000001007      0x6c3 MCAL/MCAL_GPIO/MCAL_GPIO.o
 .debug_info    0x00000000000016ca      0x697 MCAL/TIMER/Timer0.o
 .debug_info    0x0000000000001d61      0x2ed MCAL/TIMER/Timer0_Intialize.o

.debug_abbrev   0x0000000000000000      0x914
 *(.debug_abbrev)
 .debug_abbrev  0x0000000000000000      0x4a3 C:/Program Files (x86)/Atmel/Studio/7.0/Packs/atmel/ATmega_DFP/1.7.374/xc8/avr/lib/avr5/memx-const/crtatmega32.o
 .debug_abbrev  0x00000000000004a3      0x104 APP/APP.o
 .debug_abbrev  0x00000000000005a7       0x5d APP/main.o
 .debug_abbrev  0x0000000000000604      0x13c MCAL/MCAL_GPIO/MCAL_GPIO.o
 .debug_abbrev  0x0000000000000740      0x17f MCAL/TIMER/Timer0.o
 .debug_abbrev  0x00000000000008bf       0x55 MCAL/TIMER/Timer0_Intialize.o

.debug_line     0x0000000000000000      0x953
 *(.debug_line .debug_line.* .debug_line_end)
 .debug_line    0x0000000000000000      0x119 C:/Program Files (x86)/Atmel/Studio/7.0/Packs/atmel/ATmega_DFP/1.7.374/xc8/avr/lib/avr5/memx-const/crtatmega32.o
 .debug_line    0x0000000000000119      0x1be APP/APP.o
 .debug_line    0x00000000000002d7       0x68 APP/main.o
 .debug_line    0x000000000000033f      0x348 MCAL/MCAL_GPIO/MCAL_GPIO.o
 .debug_line    0x0000000000000687      0x1f2 MCAL/TIMER/Timer0.o
 .debug_line    0x0000000000000879       0xda MCAL/TIMER/Timer0_Intialize.o

.debug_frame    0x0000000000000000      0x23c
 *(.debug_frame)
 .debug_frame   0x0000000000000000       0x54 APP/APP.o
 .debug_frame   0x0000000000000054       0x24 APP/main.o
 .debug_frame   0x0000000000000078       0xc4 MCAL/MCAL_GPIO/MCAL_GPIO.o
 .debug_frame   0x000000000000013c       0xdc MCAL/TIMER/Timer0.o
 .debug_frame   0x0000000000000218       0x24 MCAL/TIMER/Timer0_Intialize.o

.debug_str      0x0000000000000000      0x27a
 *(.debug_str)
 .debug_str     0x0000000000000000      0x196 C:/Program Files (x86)/Atmel/Studio/7.0/Packs/atmel/ATmega_DFP/1.7.374/xc8/avr/lib/avr5/memx-const/crtatmega32.o
 .debug_str     0x0000000000000196       0x42 APP/APP.o
 .debug_str     0x00000000000001d8       0x56 APP/main.o
 .debug_str     0x000000000000022e       0x23 MCAL/MCAL_GPIO/MCAL_GPIO.o
 .debug_str     0x0000000000000251       0x29 MCAL/TIMER/Timer0.o
 .debug_str     0x000000000000027a        0x0 MCAL/TIMER/Timer0_Intialize.o

.debug_loc      0x0000000000000000      0x2df
 *(.debug_loc)
 .debug_loc     0x0000000000000000      0x150 MCAL/MCAL_GPIO/MCAL_GPIO.o
 .debug_loc     0x0000000000000150      0x18f MCAL/TIMER/Timer0.o

.debug_macinfo
 *(.debug_macinfo)

.debug_weaknames
 *(.debug_weaknames)

.debug_funcnames
 *(.debug_funcnames)

.debug_typenames
 *(.debug_typenames)

.debug_varnames
 *(.debug_varnames)

.debug_pubtypes
 *(.debug_pubtypes)

.debug_ranges   0x0000000000000000       0xe0
 *(.debug_ranges)
 .debug_ranges  0x0000000000000000       0x28 APP/APP.o
 .debug_ranges  0x0000000000000028       0x10 APP/main.o
 .debug_ranges  0x0000000000000038       0x58 MCAL/MCAL_GPIO/MCAL_GPIO.o
 .debug_ranges  0x0000000000000090       0x40 MCAL/TIMER/Timer0.o
 .debug_ranges  0x00000000000000d0       0x10 MCAL/TIMER/Timer0_Intialize.o

.debug_macro
 *(.debug_macro)
OUTPUT(traffic light.elf elf32-avr)
LOAD linker stubs
LOAD data_init

.note.gnu.avr.deviceinfo
                0x0000000000000000       0x3c
 .note.gnu.avr.deviceinfo
                0x0000000000000000       0x3c C:/Program Files (x86)/Atmel/Studio/7.0/Packs/atmel/ATmega_DFP/1.7.374/xc8/avr/lib/avr5/memx-const/crtatmega32.o

.bss.TMR0_CompareMatchInterruptHandler
                0x0000000000800066        0x2
 .bss.TMR0_CompareMatchInterruptHandler
                0x0000000000800066        0x2 MCAL/TIMER/Timer0.o

.bss.sw_counter
                0x0000000000800068        0x2
 .bss.sw_counter
                0x0000000000800068        0x2 MCAL/TIMER/Timer0_Intialize.o
                0x0000000000800068                sw_counter

.bss.timer_flag
                0x000000000080006f        0x1
 .bss.timer_flag
                0x000000000080006f        0x1 MCAL/TIMER/Timer0_Intialize.o
                0x000000000080006f                timer_flag

.bss.sw_delay   0x000000000080006a        0x2
 .bss.sw_delay  0x000000000080006a        0x2 MCAL/TIMER/Timer0_Intialize.o
                0x000000000080006a                sw_delay

.text.gpio_pin_direction_intialization
                0x00000000000000c0      0x192
 .text.gpio_pin_direction_intialization
                0x00000000000000c0      0x192 MCAL/MCAL_GPIO/MCAL_GPIO.o
                0x00000000000000c0                gpio_pin_direction_intialization

.text.gpio_pin_write_logic
                0x0000000000000252      0x190
 .text.gpio_pin_write_logic
                0x0000000000000252      0x190 MCAL/MCAL_GPIO/MCAL_GPIO.o
                0x0000000000000252                gpio_pin_write_logic

.text.Timer0_Init
                0x00000000000003e2       0x7a
 .text.Timer0_Init
                0x00000000000003e2       0x7a MCAL/TIMER/Timer0.o
                0x00000000000003e2                Timer0_Init

.text.Timer0_set_mode
                0x000000000000045c       0x5a
 .text.Timer0_set_mode
                0x000000000000045c       0x5a MCAL/TIMER/Timer0.o

.text.__vector_10
                0x00000000000004b6       0x4e
 .text.__vector_10
                0x00000000000004b6       0x4e MCAL/TIMER/Timer0.o
                0x00000000000004b6                __vector_10

.text.delay_Isr
                0x0000000000000504       0x3a
 .text.delay_Isr
                0x0000000000000504       0x3a MCAL/TIMER/Timer0_Intialize.o
                0x0000000000000504                delay_Isr

.text.APP_INIT  0x000000000000053e       0x2a
 .text.APP_INIT
                0x000000000000053e       0x2a APP/APP.o
                0x000000000000053e                APP_INIT

.text.Turn_Green_Led_With_Delay
                0x0000000000000568       0x26
 .text.Turn_Green_Led_With_Delay
                0x0000000000000568       0x26 APP/APP.o
                0x0000000000000568                Turn_Green_Led_With_Delay

.text.Turn_Red_Led_With_Delay
                0x000000000000058e       0x22
 .text.Turn_Red_Led_With_Delay
                0x000000000000058e       0x22 APP/APP.o
                0x000000000000058e                Turn_Red_Led_With_Delay

.text.Turn_Yellow_Led_With_Delay
                0x00000000000005b0       0x22
 .text.Turn_Yellow_Led_With_Delay
                0x00000000000005b0       0x22 APP/APP.o
                0x00000000000005b0                Turn_Yellow_Led_With_Delay

.text.gpio_pin_intialization
                0x00000000000005d2       0x20
 .text.gpio_pin_intialization
                0x00000000000005d2       0x20 MCAL/MCAL_GPIO/MCAL_GPIO.o
                0x00000000000005d2                gpio_pin_intialization

.text.gpio_PORT_write_value
                0x00000000000005f2       0x20
 .text.gpio_PORT_write_value
                0x00000000000005f2       0x20 MCAL/MCAL_GPIO/MCAL_GPIO.o
                0x00000000000005f2                gpio_PORT_write_value

.text.delay_ms  0x0000000000000612       0x1c
 .text.delay_ms
                0x0000000000000612       0x1c MCAL/TIMER/Timer0.o
                0x0000000000000612                delay_ms

.text.exit      0x000000000000062e       0x16
 .text.exit     0x000000000000062e       0x16 c:/program files/microchip/xc8/v2.36/avr/bin/../lib/gcc/avr/5.4.0/../../../../avr/lib/avr5/memx-const\libc.a(exit.o)
                0x000000000000062e                exit

.text.main      0x0000000000000644       0x12
 .text.main     0x0000000000000644       0x12 APP/main.o
                0x0000000000000644                main

.text.libgcc    0x0000000000000656       0x10
 .text.libgcc   0x0000000000000656       0x10 c:/program files/microchip/xc8/v2.36/avr/bin/../lib/gcc/avr/5.4.0/avr5/memx-const\libgcc.a(_xload_2.o)
                0x0000000000000656                __xload_2

.text           0x0000000000000666        0x4
 .text          0x0000000000000666        0x4 C:/Program Files (x86)/Atmel/Studio/7.0/Packs/atmel/ATmega_DFP/1.7.374/xc8/avr/lib/avr5/memx-const/crtatmega32.o
                0x0000000000000666                __vector_1
                0x0000000000000666                __vector_12
                0x0000000000000666                __bad_interrupt
                0x0000000000000666                __vector_6
                0x0000000000000666                __vector_3
                0x0000000000000666                __vector_11
                0x0000000000000666                __vector_13
                0x0000000000000666                __vector_17
                0x0000000000000666                __vector_19
                0x0000000000000666                __vector_7
                0x0000000000000666                __vector_5
                0x0000000000000666                __vector_4
                0x0000000000000666                __vector_9
                0x0000000000000666                __vector_2
                0x0000000000000666                __vector_15
                0x0000000000000666                __vector_8
                0x0000000000000666                __vector_14
                0x0000000000000666                __vector_16
                0x0000000000000666                __vector_18
                0x0000000000000666                __vector_20

.text.Timer0_Set_compare_value
                0x000000000000066a        0x4
 .text.Timer0_Set_compare_value
                0x000000000000066a        0x4 MCAL/TIMER/Timer0.o
                0x000000000000066a                Timer0_Set_compare_value

.text._Exit     0x000000000000066e        0x4
 .text._Exit    0x000000000000066e        0x4 c:/program files/microchip/xc8/v2.36/avr/bin/../lib/gcc/avr/5.4.0/../../../../avr/lib/avr5/memx-const\libc.a(_Exit.o)
                0x000000000000066e                _Exit

.text.__dummy_fini
                0x0000000000000672        0x2
 .text.__dummy_fini
                0x0000000000000672        0x2 c:/program files/microchip/xc8/v2.36/avr/bin/../lib/gcc/avr/5.4.0/../../../../avr/lib/avr5/memx-const\libc.a(exit.o)
                0x0000000000000672                _fini

.text.__dummy_funcs_on_exit
                0x0000000000000674        0x2
 .text.__dummy_funcs_on_exit
                0x0000000000000674        0x2 c:/program files/microchip/xc8/v2.36/avr/bin/../lib/gcc/avr/5.4.0/../../../../avr/lib/avr5/memx-const\libc.a(exit.o)
                0x0000000000000674                __funcs_on_exit

.text.__dummy_simulator_exit
                0x0000000000000676        0x2
 .text.__dummy_simulator_exit
                0x0000000000000676        0x2 c:/program files/microchip/xc8/v2.36/avr/bin/../lib/gcc/avr/5.4.0/../../../../avr/lib/avr5/memx-const\libc.a(exit.o)
                0x0000000000000676                __simulator_exit

.data.timer     0x0000000000800060        0x6 load address 0x0000000000000678
 .data.timer    0x0000000000800060        0x6 APP/APP.o
                0x0000000000800060                timer

.data.green_led
                0x000000000080006c        0x1 load address 0x000000000000067e
 .data.green_led
                0x000000000080006c        0x1 APP/APP.o
                0x000000000080006c                green_led

.data.yellow_led
                0x000000000080006d        0x1 load address 0x000000000000067f
 .data.yellow_led
                0x000000000080006d        0x1 APP/APP.o
                0x000000000080006d                yellow_led

.data.red_led   0x000000000080006e        0x1 load address 0x0000000000000680
 .data.red_led  0x000000000080006e        0x1 APP/APP.o
                0x000000000080006e                red_led
